Archive member included to satisfy reference by file (symbol)

c:/program files (x86)/atollic/truestudio for stm32 9.3.0/armtools/bin/../lib/gcc/arm-atollic-eabi/6.3.1/../../../../arm-atollic-eabi/lib/armv6-m\libc_nano.a(lib_a-errno.o)
                              Src\syscalls.o (__errno)
c:/program files (x86)/atollic/truestudio for stm32 9.3.0/armtools/bin/../lib/gcc/arm-atollic-eabi/6.3.1/../../../../arm-atollic-eabi/lib/armv6-m\libc_nano.a(lib_a-impure.o)
                              c:/program files (x86)/atollic/truestudio for stm32 9.3.0/armtools/bin/../lib/gcc/arm-atollic-eabi/6.3.1/../../../../arm-atollic-eabi/lib/armv6-m\libc_nano.a(lib_a-errno.o) (_impure_ptr)
c:/program files (x86)/atollic/truestudio for stm32 9.3.0/armtools/bin/../lib/gcc/arm-atollic-eabi/6.3.1/../../../../arm-atollic-eabi/lib/armv6-m\libc_nano.a(lib_a-init.o)
                              startup\startup_stm32f091xc.o (__libc_init_array)
c:/program files (x86)/atollic/truestudio for stm32 9.3.0/armtools/bin/../lib/gcc/arm-atollic-eabi/6.3.1/../../../../arm-atollic-eabi/lib/armv6-m\libc_nano.a(lib_a-memcpy-stub.o)
                              Drivers\STM32F0xx_HAL_Driver\Src\stm32f0xx_hal_rcc.o (memcpy)
c:/program files (x86)/atollic/truestudio for stm32 9.3.0/armtools/bin/../lib/gcc/arm-atollic-eabi/6.3.1/../../../../arm-atollic-eabi/lib/armv6-m\libc_nano.a(lib_a-memset.o)
                              Src\gpio.o (memset)
c:/program files (x86)/atollic/truestudio for stm32 9.3.0/armtools/bin/../lib/gcc/arm-atollic-eabi/6.3.1/../../../../arm-atollic-eabi/lib/armv6-m\libc_nano.a(lib_a-sprintf.o)
                              Src\main.o (sprintf)
c:/program files (x86)/atollic/truestudio for stm32 9.3.0/armtools/bin/../lib/gcc/arm-atollic-eabi/6.3.1/../../../../arm-atollic-eabi/lib/armv6-m\libc_nano.a(lib_a-nano-svfprintf.o)
                              c:/program files (x86)/atollic/truestudio for stm32 9.3.0/armtools/bin/../lib/gcc/arm-atollic-eabi/6.3.1/../../../../arm-atollic-eabi/lib/armv6-m\libc_nano.a(lib_a-sprintf.o) (_svfprintf_r)
c:/program files (x86)/atollic/truestudio for stm32 9.3.0/armtools/bin/../lib/gcc/arm-atollic-eabi/6.3.1/../../../../arm-atollic-eabi/lib/armv6-m\libc_nano.a(lib_a-nano-vfprintf_i.o)
                              c:/program files (x86)/atollic/truestudio for stm32 9.3.0/armtools/bin/../lib/gcc/arm-atollic-eabi/6.3.1/../../../../arm-atollic-eabi/lib/armv6-m\libc_nano.a(lib_a-nano-svfprintf.o) (_printf_i)
c:/program files (x86)/atollic/truestudio for stm32 9.3.0/armtools/bin/../lib/gcc/arm-atollic-eabi/6.3.1/../../../../arm-atollic-eabi/lib/armv6-m\libc_nano.a(lib_a-memchr-stub.o)
                              c:/program files (x86)/atollic/truestudio for stm32 9.3.0/armtools/bin/../lib/gcc/arm-atollic-eabi/6.3.1/../../../../arm-atollic-eabi/lib/armv6-m\libc_nano.a(lib_a-nano-svfprintf.o) (memchr)
c:/program files (x86)/atollic/truestudio for stm32 9.3.0/armtools/bin/../lib/gcc/arm-atollic-eabi/6.3.1/../../../../arm-atollic-eabi/lib/armv6-m\libc_nano.a(lib_a-memmove.o)
                              c:/program files (x86)/atollic/truestudio for stm32 9.3.0/armtools/bin/../lib/gcc/arm-atollic-eabi/6.3.1/../../../../arm-atollic-eabi/lib/armv6-m\libc_nano.a(lib_a-nano-svfprintf.o) (memmove)
c:/program files (x86)/atollic/truestudio for stm32 9.3.0/armtools/bin/../lib/gcc/arm-atollic-eabi/6.3.1/../../../../arm-atollic-eabi/lib/armv6-m\libc_nano.a(lib_a-nano-freer.o)
                              c:/program files (x86)/atollic/truestudio for stm32 9.3.0/armtools/bin/../lib/gcc/arm-atollic-eabi/6.3.1/../../../../arm-atollic-eabi/lib/armv6-m\libc_nano.a(lib_a-nano-svfprintf.o) (_free_r)
c:/program files (x86)/atollic/truestudio for stm32 9.3.0/armtools/bin/../lib/gcc/arm-atollic-eabi/6.3.1/../../../../arm-atollic-eabi/lib/armv6-m\libc_nano.a(lib_a-nano-mallocr.o)
                              c:/program files (x86)/atollic/truestudio for stm32 9.3.0/armtools/bin/../lib/gcc/arm-atollic-eabi/6.3.1/../../../../arm-atollic-eabi/lib/armv6-m\libc_nano.a(lib_a-nano-svfprintf.o) (_malloc_r)
c:/program files (x86)/atollic/truestudio for stm32 9.3.0/armtools/bin/../lib/gcc/arm-atollic-eabi/6.3.1/../../../../arm-atollic-eabi/lib/armv6-m\libc_nano.a(lib_a-nano-reallocr.o)
                              c:/program files (x86)/atollic/truestudio for stm32 9.3.0/armtools/bin/../lib/gcc/arm-atollic-eabi/6.3.1/../../../../arm-atollic-eabi/lib/armv6-m\libc_nano.a(lib_a-nano-svfprintf.o) (_realloc_r)
c:/program files (x86)/atollic/truestudio for stm32 9.3.0/armtools/bin/../lib/gcc/arm-atollic-eabi/6.3.1/../../../../arm-atollic-eabi/lib/armv6-m\libc_nano.a(lib_a-sbrkr.o)
                              c:/program files (x86)/atollic/truestudio for stm32 9.3.0/armtools/bin/../lib/gcc/arm-atollic-eabi/6.3.1/../../../../arm-atollic-eabi/lib/armv6-m\libc_nano.a(lib_a-nano-mallocr.o) (_sbrk_r)
[...]
Memory Configuration

Name             Origin             Length             Attributes
RAM              0x20000000         0x00008000         xrw
FLASH            0x08000000         0x00040000         xr
*default*        0x00000000         0xffffffff

Linker script and memory map

LOAD c:/program files (x86)/atollic/truestudio for stm32 9.3.0/armtools/bin/../lib/gcc/arm-atollic-eabi/6.3.1/armv6-m/crti.o
LOAD c:/program files (x86)/atollic/truestudio for stm32 9.3.0/armtools/bin/../lib/gcc/arm-atollic-eabi/6.3.1/armv6-m/crtbegin.o
LOAD Drivers\STM32F0xx_HAL_Driver\Src\stm32f0xx_hal.o
LOAD Drivers\STM32F0xx_HAL_Driver\Src\stm32f0xx_hal_cortex.o
LOAD Drivers\STM32F0xx_HAL_Driver\Src\stm32f0xx_hal_dma.o
LOAD Drivers\STM32F0xx_HAL_Driver\Src\stm32f0xx_hal_exti.o
LOAD Drivers\STM32F0xx_HAL_Driver\Src\stm32f0xx_hal_flash.o
LOAD Drivers\STM32F0xx_HAL_Driver\Src\stm32f0xx_hal_flash_ex.o
LOAD Drivers\STM32F0xx_HAL_Driver\Src\stm32f0xx_hal_gpio.o
LOAD Drivers\STM32F0xx_HAL_Driver\Src\stm32f0xx_hal_i2c.o
LOAD Drivers\STM32F0xx_HAL_Driver\Src\stm32f0xx_hal_i2c_ex.o
LOAD Drivers\STM32F0xx_HAL_Driver\Src\stm32f0xx_hal_pwr.o
LOAD Drivers\STM32F0xx_HAL_Driver\Src\stm32f0xx_hal_pwr_ex.o
LOAD Drivers\STM32F0xx_HAL_Driver\Src\stm32f0xx_hal_rcc.o
LOAD Drivers\STM32F0xx_HAL_Driver\Src\stm32f0xx_hal_rcc_ex.o
LOAD Drivers\STM32F0xx_HAL_Driver\Src\stm32f0xx_hal_tim.o
LOAD Drivers\STM32F0xx_HAL_Driver\Src\stm32f0xx_hal_tim_ex.o
LOAD Drivers\STM32F0xx_HAL_Driver\Src\stm32f0xx_hal_uart.o
LOAD Drivers\STM32F0xx_HAL_Driver\Src\stm32f0xx_hal_uart_ex.o
LOAD Src\TSL2561.o
LOAD Src\gpio.o
LOAD Src\i2c.o
LOAD Src\lcd.o
LOAD Src\light.o
LOAD Src\main.o
LOAD Src\motor.o
LOAD Src\stm32f0xx_hal_msp.o
LOAD Src\stm32f0xx_it.o
LOAD Src\syscalls.o
LOAD Src\system_stm32f0xx.o
LOAD Src\usart.o
LOAD startup\startup_stm32f091xc.o
                0x00000080                malloc_getpagesize_P = 0x80
START GROUP
LOAD c:/program files (x86)/atollic/truestudio for stm32 9.3.0/armtools/bin/../lib/gcc/arm-atollic-eabi/6.3.1/../../../../arm-atollic-eabi/lib/armv6-m\libc_nano.a
LOAD c:/program files (x86)/atollic/truestudio for stm32 9.3.0/armtools/bin/../lib/gcc/arm-atollic-eabi/6.3.1/../../../../arm-atollic-eabi/lib/armv6-m\libm.a
END GROUP
START GROUP
LOAD c:/program files (x86)/atollic/truestudio for stm32 9.3.0/armtools/bin/../lib/gcc/arm-atollic-eabi/6.3.1/armv6-m\libgcc.a
LOAD c:/program files (x86)/atollic/truestudio for stm32 9.3.0/armtools/bin/../lib/gcc/arm-atollic-eabi/6.3.1/../../../../arm-atollic-eabi/lib/armv6-m\libc_nano.a
END GROUP
START GROUP
LOAD c:/program files (x86)/atollic/truestudio for stm32 9.3.0/armtools/bin/../lib/gcc/arm-atollic-eabi/6.3.1/armv6-m\libgcc.a
LOAD c:/program files (x86)/atollic/truestudio for stm32 9.3.0/armtools/bin/../lib/gcc/arm-atollic-eabi/6.3.1/../../../../arm-atollic-eabi/lib/armv6-m\libc_nano.a
LOAD c:/program files (x86)/atollic/truestudio for stm32 9.3.0/armtools/bin/../lib/gcc/arm-atollic-eabi/6.3.1/../../../../arm-atollic-eabi/lib/armv6-m\libnosys.a
END GROUP
START GROUP
LOAD c:/program files (x86)/atollic/truestudio for stm32 9.3.0/armtools/bin/../lib/gcc/arm-atollic-eabi/6.3.1/armv6-m\libgcc.a
LOAD c:/program files (x86)/atollic/truestudio for stm32 9.3.0/armtools/bin/../lib/gcc/arm-atollic-eabi/6.3.1/../../../../arm-atollic-eabi/lib/armv6-m\libc_nano.a
LOAD c:/program files (x86)/atollic/truestudio for stm32 9.3.0/armtools/bin/../lib/gcc/arm-atollic-eabi/6.3.1/../../../../arm-atollic-eabi/lib/armv6-m\libnosys.a
END GROUP
LOAD c:/program files (x86)/atollic/truestudio for stm32 9.3.0/armtools/bin/../lib/gcc/arm-atollic-eabi/6.3.1/armv6-m/crtend.o
LOAD c:/program files (x86)/atollic/truestudio for stm32 9.3.0/armtools/bin/../lib/gcc/arm-atollic-eabi/6.3.1/armv6-m/crtn.o
                0x20008000                _estack = 0x20008000
                0x00000200                _Min_Heap_Size = 0x200
                0x00000400                _Min_Stack_Size = 0x400

.isr_vector     0x08000000       0xbc
                0x08000000                . = ALIGN (0x4)
 *(.isr_vector)
 .isr_vector    0x08000000       0xbc startup\startup_stm32f091xc.o
                0x08000000                g_pfnVectors
                0x080000bc                . = ALIGN (0x4)

.text           0x080000bc     0x2ecc
                0x080000bc                . = ALIGN (0x4)
 *(.text)
 .text          0x080000bc       0x48 c:/program files (x86)/atollic/truestudio for stm32 9.3.0/armtools/bin/../lib/gcc/arm-atollic-eabi/6.3.1/armv6-m/crtbegin.o
 .text          0x08000104       0x14 c:/program files (x86)/atollic/truestudio for stm32 9.3.0/armtools/bin/../lib/gcc/arm-atollic-eabi/6.3.1/armv6-m\libgcc.a(_thumb1_case_uqi.o)
                0x08000104                __gnu_thumb1_case_uqi
 .text          0x08000118       0x14 c:/program files (x86)/atollic/truestudio for stm32 9.3.0/armtools/bin/../lib/gcc/arm-atollic-eabi/6.3.1/armv6-m\libgcc.a(_thumb1_case_shi.o)
                0x08000118                __gnu_thumb1_case_shi
 .text          0x0800012c      0x114 c:/program files (x86)/atollic/truestudio for stm32 9.3.0/armtools/bin/../lib/gcc/arm-atollic-eabi/6.3.1/armv6-m\libgcc.a(_udivsi3.o)
                0x0800012c                __aeabi_uidiv
                0x0800012c                __udivsi3
                0x08000238                __aeabi_uidivmod
 .text          0x08000240      0x1d4 c:/program files (x86)/atollic/truestudio for stm32 9.3.0/armtools/bin/../lib/gcc/arm-atollic-eabi/6.3.1/armv6-m\libgcc.a(_divsi3.o)
                0x08000240                __divsi3
                0x08000240                __aeabi_idiv
                0x0800040c                __aeabi_idivmod
 .text          0x08000414        0x4 c:/program files (x86)/atollic/truestudio for stm32 9.3.0/armtools/bin/../lib/gcc/arm-atollic-eabi/6.3.1/armv6-m\libgcc.a(_dvmd_tls.o)
                0x08000414                __aeabi_idiv0
                0x08000414                __aeabi_ldiv0
 *(.text*)
 .text.HAL_InitTick
                0x08000418       0x48 Drivers\STM32F0xx_HAL_Driver\Src\stm32f0xx_hal.o
                0x08000418                HAL_InitTick
 .text.HAL_Init
                0x08000460       0x20 Drivers\STM32F0xx_HAL_Driver\Src\stm32f0xx_hal.o
                0x08000460                HAL_Init
 .text.HAL_IncTick
                0x08000480       0x18 Drivers\STM32F0xx_HAL_Driver\Src\stm32f0xx_hal.o
                0x08000480                HAL_IncTick
 .text.HAL_GetTick
                0x08000498        0xc Drivers\STM32F0xx_HAL_Driver\Src\stm32f0xx_hal.o
                0x08000498                HAL_GetTick
 .text.HAL_Delay
                0x080004a4       0x24 Drivers\STM32F0xx_HAL_Driver\Src\stm32f0xx_hal.o
                0x080004a4                HAL_Delay
 .text.HAL_NVIC_SetPriority
                0x080004c8       0x60 Drivers\STM32F0xx_HAL_Driver\Src\stm32f0xx_hal_cortex.o
                0x080004c8                HAL_NVIC_SetPriority
 .text.HAL_SYSTICK_Config
                0x08000528       0x34 Drivers\STM32F0xx_HAL_Driver\Src\stm32f0xx_hal_cortex.o
                0x08000528                HAL_SYSTICK_Config
 .text.HAL_GPIO_Init
                0x0800055c      0x178 Drivers\STM32F0xx_HAL_Driver\Src\stm32f0xx_hal_gpio.o
                0x0800055c                HAL_GPIO_Init
 .text.HAL_GPIO_WritePin
                0x080006d4        0xc Drivers\STM32F0xx_HAL_Driver\Src\stm32f0xx_hal_gpio.o
                0x080006d4                HAL_GPIO_WritePin
 .text.I2C_Flush_TXDR
                0x080006e0       0x1c Drivers\STM32F0xx_HAL_Driver\Src\stm32f0xx_hal_i2c.o
 .text.I2C_TransferConfig
                0x080006fc       0x2c Drivers\STM32F0xx_HAL_Driver\Src\stm32f0xx_hal_i2c.o
 .text.I2C_WaitOnFlagUntilTimeout
                0x08000728       0x50 Drivers\STM32F0xx_HAL_Driver\Src\stm32f0xx_hal_i2c.o
 .text.I2C_IsAcknowledgeFailed
                0x08000778       0x7c Drivers\STM32F0xx_HAL_Driver\Src\stm32f0xx_hal_i2c.o
 .text.I2C_WaitOnTXISFlagUntilTimeout
                0x080007f4       0x54 Drivers\STM32F0xx_HAL_Driver\Src\stm32f0xx_hal_i2c.o
 .text.I2C_WaitOnSTOPFlagUntilTimeout
                0x08000848       0x50 Drivers\STM32F0xx_HAL_Driver\Src\stm32f0xx_hal_i2c.o
 .text.I2C_WaitOnRXNEFlagUntilTimeout
                0x08000898       0x80 Drivers\STM32F0xx_HAL_Driver\Src\stm32f0xx_hal_i2c.o
 .text.HAL_I2C_Init
                0x08000918       0xac Drivers\STM32F0xx_HAL_Driver\Src\stm32f0xx_hal_i2c.o
                0x08000918                HAL_I2C_Init
 .text.HAL_I2C_Master_Transmit
                0x080009c4      0x12c Drivers\STM32F0xx_HAL_Driver\Src\stm32f0xx_hal_i2c.o
                0x080009c4                HAL_I2C_Master_Transmit
 .text.HAL_I2C_Master_Receive
                0x08000af0      0x130 Drivers\STM32F0xx_HAL_Driver\Src\stm32f0xx_hal_i2c.o
                0x08000af0                HAL_I2C_Master_Receive
 .text.HAL_I2C_IsDeviceReady
                0x08000c20      0x124 Drivers\STM32F0xx_HAL_Driver\Src\stm32f0xx_hal_i2c.o
                0x08000c20                HAL_I2C_IsDeviceReady
 .text.HAL_I2CEx_ConfigAnalogFilter
                0x08000d44       0x4c Drivers\STM32F0xx_HAL_Driver\Src\stm32f0xx_hal_i2c_ex.o
                0x08000d44                HAL_I2CEx_ConfigAnalogFilter
 .text.HAL_I2CEx_ConfigDigitalFilter
                0x08000d90       0x48 Drivers\STM32F0xx_HAL_Driver\Src\stm32f0xx_hal_i2c_ex.o
                0x08000d90                HAL_I2CEx_ConfigDigitalFilter
 .text.HAL_RCC_OscConfig
                0x08000dd8      0x4a0 Drivers\STM32F0xx_HAL_Driver\Src\stm32f0xx_hal_rcc.o
                0x08000dd8                HAL_RCC_OscConfig
 .text.HAL_RCC_GetSysClockFreq
                0x08001278       0x78 Drivers\STM32F0xx_HAL_Driver\Src\stm32f0xx_hal_rcc.o
                0x08001278                HAL_RCC_GetSysClockFreq
 .text.HAL_RCC_ClockConfig
                0x080012f0      0x118 Drivers\STM32F0xx_HAL_Driver\Src\stm32f0xx_hal_rcc.o
                0x080012f0                HAL_RCC_ClockConfig
 .text.HAL_RCC_GetPCLK1Freq
                0x08001408       0x20 Drivers\STM32F0xx_HAL_Driver\Src\stm32f0xx_hal_rcc.o
                0x08001408                HAL_RCC_GetPCLK1Freq
 .text.HAL_RCCEx_PeriphCLKConfig
                0x08001428      0x144 Drivers\STM32F0xx_HAL_Driver\Src\stm32f0xx_hal_rcc_ex.o
                0x08001428                HAL_RCCEx_PeriphCLKConfig
 .text.UART_SetConfig
                0x0800156c      0x1ec Drivers\STM32F0xx_HAL_Driver\Src\stm32f0xx_hal_uart.o
                0x0800156c                UART_SetConfig
 .text.UART_AdvFeatureConfig
                0x08001758       0xd0 Drivers\STM32F0xx_HAL_Driver\Src\stm32f0xx_hal_uart.o
                0x08001758                UART_AdvFeatureConfig
 .text.UART_WaitOnFlagUntilTimeout
                0x08001828       0x90 Drivers\STM32F0xx_HAL_Driver\Src\stm32f0xx_hal_uart.o
                0x08001828                UART_WaitOnFlagUntilTimeout
 .text.HAL_UART_Transmit
                0x080018b8       0xd2 Drivers\STM32F0xx_HAL_Driver\Src\stm32f0xx_hal_uart.o
                0x080018b8                HAL_UART_Transmit
 *fill*         0x0800198a        0x2 
 .text.UART_CheckIdleState
                0x0800198c       0x60 Drivers\STM32F0xx_HAL_Driver\Src\stm32f0xx_hal_uart.o
                0x0800198c                UART_CheckIdleState
 .text.HAL_UART_Init
                0x080019ec       0x64 Drivers\STM32F0xx_HAL_Driver\Src\stm32f0xx_hal_uart.o
                0x080019ec                HAL_UART_Init
 .text.MX_GPIO_Init
                0x08001a50      0x11c Src\gpio.o
                0x08001a50                MX_GPIO_Init
 .text.MX_I2C1_Init
                0x08001b6c       0x5c Src\i2c.o
                0x08001b6c                MX_I2C1_Init
 .text.MX_I2C2_Init
                0x08001bc8       0x5c Src\i2c.o
                0x08001bc8                MX_I2C2_Init
 .text.HAL_I2C_MspInit
                0x08001c24       0xb8 Src\i2c.o
                0x08001c24                HAL_I2C_MspInit
 .text.lcd_init
                0x08001cdc      0x154 Src\lcd.o
                0x08001cdc                lcd_init
 .text.lcd_print
                0x08001e30       0x30 Src\lcd.o
                0x08001e30                lcd_print
 .text.lcd_locate
                0x08001e60       0x26 Src\lcd.o
                0x08001e60                lcd_locate
 *fill*         0x08001e86        0x2 
 .text.lcd_clear
                0x08001e88       0x2c Src\lcd.o
                0x08001e88                lcd_clear
 .text.ReadByte
                0x08001eb4       0x32 Src\light.o
                0x08001eb4                ReadByte
 .text.WriteByte
                0x08001ee6       0x1a Src\light.o
                0x08001ee6                WriteByte
 .text.ReadHalfWord
                0x08001f00       0x3c Src\light.o
                0x08001f00                ReadHalfWord
 .text.WriteParamData
                0x08001f3c       0x22 Src\light.o
                0x08001f3c                WriteParamData
 .text.DeInit   0x08001f5e       0xd6 Src\light.o
                0x08001f5e                DeInit
 .text.ReadVisible
                0x08002034        0xc Src\light.o
                0x08002034                ReadVisible
 .text.SystemClock_Config
                0x08002040       0x6a Src\main.o
                0x08002040                SystemClock_Config
 *fill*         0x080020aa        0x2 
 .text.startup.main
                0x080020ac       0xfc Src\main.o
                0x080020ac                main
 .text.Error_Handler
                0x080021a8        0x2 Src\main.o
                0x080021a8                Error_Handler
 *fill*         0x080021aa        0x2 
 .text.run_nrml_1
                0x080021ac      0x1d4 Src\motor.o
                0x080021ac                run_nrml_1
 .text.run_inv_1
                0x08002380      0x1d4 Src\motor.o
                0x08002380                run_inv_1
 .text.run_stepm_1
                0x08002554       0x14 Src\motor.o
                0x08002554                run_stepm_1
 .text.HAL_MspInit
                0x08002568       0x30 Src\stm32f0xx_hal_msp.o
                0x08002568                HAL_MspInit
 .text.NMI_Handler
                0x08002598        0x2 Src\stm32f0xx_it.o
                0x08002598                NMI_Handler
 .text.HardFault_Handler
                0x0800259a        0x2 Src\stm32f0xx_it.o
                0x0800259a                HardFault_Handler
 .text.SVC_Handler
                0x0800259c        0x2 Src\stm32f0xx_it.o
                0x0800259c                SVC_Handler
 .text.PendSV_Handler
                0x0800259e        0x2 Src\stm32f0xx_it.o
                0x0800259e                PendSV_Handler
 .text.SysTick_Handler
                0x080025a0        0x8 Src\stm32f0xx_it.o
                0x080025a0                SysTick_Handler
 .text._sbrk    0x080025a8       0x34 Src\syscalls.o
                0x080025a8                _sbrk
 .text.SystemInit
                0x080025dc        0x2 Src\system_stm32f0xx.o
                0x080025dc                SystemInit
 *fill*         0x080025de        0x2 
 .text.MX_USART2_UART_Init
                0x080025e0       0x38 Src\usart.o
                0x080025e0                MX_USART2_UART_Init
 .text.HAL_UART_MspInit
                0x08002618       0x5c Src\usart.o
                0x08002618                HAL_UART_MspInit
 .text.Reset_Handler
                0x08002674       0x50 startup\startup_stm32f091xc.o
                0x08002674                Reset_Handler
 .text.Default_Handler
                0x080026c4        0x2 startup\startup_stm32f091xc.o
                0x080026c4                TIM1_CC_IRQHandler
                0x080026c4                TSC_IRQHandler
                0x080026c4                ADC1_COMP_IRQHandler
                0x080026c4                I2C1_IRQHandler
                0x080026c4                RCC_CRS_IRQHandler
                0x080026c4                SPI1_IRQHandler
                0x080026c4                TIM6_DAC_IRQHandler
                0x080026c4                DMA1_Ch1_IRQHandler
                0x080026c4                EXTI2_3_IRQHandler
                0x080026c4                I2C2_IRQHandler
                0x080026c4                TIM17_IRQHandler
                0x080026c4                CEC_CAN_IRQHandler
                0x080026c4                RTC_IRQHandler
                0x080026c4                PVD_VDDIO2_IRQHandler
                0x080026c4                TIM16_IRQHandler
                0x080026c4                TIM3_IRQHandler
                0x080026c4                EXTI4_15_IRQHandler
                0x080026c4                USART3_8_IRQHandler
                0x080026c4                Default_Handler
                0x080026c4                TIM14_IRQHandler
                0x080026c4                TIM7_IRQHandler
                0x080026c4                TIM15_IRQHandler
                0x080026c4                EXTI0_1_IRQHandler
                0x080026c4                SPI2_IRQHandler
                0x080026c4                DMA1_Ch2_3_DMA2_Ch1_2_IRQHandler
                0x080026c4                DMA1_Ch4_7_DMA2_Ch3_5_IRQHandler
                0x080026c4                WWDG_IRQHandler
                0x080026c4                TIM2_IRQHandler
                0x080026c4                USART2_IRQHandler
                0x080026c4                FLASH_IRQHandler
                0x080026c4                USART1_IRQHandler
                0x080026c4                TIM1_BRK_UP_TRG_COM_IRQHandler
 *fill*         0x080026c6        0x2 
 .text.__errno  0x080026c8        0xc c:/program files (x86)/atollic/truestudio for stm32 9.3.0/armtools/bin/../lib/gcc/arm-atollic-eabi/6.3.1/../../../../arm-atollic-eabi/lib/armv6-m\libc_nano.a(lib_a-errno.o)
                0x080026c8                __errno
 .text.__libc_init_array
                0x080026d4       0x48 c:/program files (x86)/atollic/truestudio for stm32 9.3.0/armtools/bin/../lib/gcc/arm-atollic-eabi/6.3.1/../../../../arm-atollic-eabi/lib/armv6-m\libc_nano.a(lib_a-init.o)
                0x080026d4                __libc_init_array
 .text.memcpy   0x0800271c       0x12 c:/program files (x86)/atollic/truestudio for stm32 9.3.0/armtools/bin/../lib/gcc/arm-atollic-eabi/6.3.1/../../../../arm-atollic-eabi/lib/armv6-m\libc_nano.a(lib_a-memcpy-stub.o)
                0x0800271c                memcpy
 .text.memset   0x0800272e       0x10 c:/program files (x86)/atollic/truestudio for stm32 9.3.0/armtools/bin/../lib/gcc/arm-atollic-eabi/6.3.1/../../../../arm-atollic-eabi/lib/armv6-m\libc_nano.a(lib_a-memset.o)
                0x0800272e                memset
 *fill*         0x0800273e        0x2 
 .text.sprintf  0x08002740       0x44 c:/program files (x86)/atollic/truestudio for stm32 9.3.0/armtools/bin/../lib/gcc/arm-atollic-eabi/6.3.1/../../../../arm-atollic-eabi/lib/armv6-m\libc_nano.a(lib_a-sprintf.o)
                0x08002740                siprintf
                0x08002740                sprintf
 .text.__ssputs_r
                0x08002784       0xc4 c:/program files (x86)/atollic/truestudio for stm32 9.3.0/armtools/bin/../lib/gcc/arm-atollic-eabi/6.3.1/../../../../arm-atollic-eabi/lib/armv6-m\libc_nano.a(lib_a-nano-svfprintf.o)
                0x08002784                __ssputs_r
 .text._svfprintf_r
                0x08002848      0x208 c:/program files (x86)/atollic/truestudio for stm32 9.3.0/armtools/bin/../lib/gcc/arm-atollic-eabi/6.3.1/../../../../arm-atollic-eabi/lib/armv6-m\libc_nano.a(lib_a-nano-svfprintf.o)
                0x08002848                _svfiprintf_r
                0x08002848                _svfprintf_r
 .text._printf_common
                0x08002a50       0xda c:/program files (x86)/atollic/truestudio for stm32 9.3.0/armtools/bin/../lib/gcc/arm-atollic-eabi/6.3.1/../../../../arm-atollic-eabi/lib/armv6-m\libc_nano.a(lib_a-nano-vfprintf_i.o)
                0x08002a50                _printf_common
 *fill*         0x08002b2a        0x2 
 .text._printf_i
                0x08002b2c      0x234 c:/program files (x86)/atollic/truestudio for stm32 9.3.0/armtools/bin/../lib/gcc/arm-atollic-eabi/6.3.1/../../../../arm-atollic-eabi/lib/armv6-m\libc_nano.a(lib_a-nano-vfprintf_i.o)
                0x08002b2c                _printf_i
 .text.memchr   0x08002d60       0x16 c:/program files (x86)/atollic/truestudio for stm32 9.3.0/armtools/bin/../lib/gcc/arm-atollic-eabi/6.3.1/../../../../arm-atollic-eabi/lib/armv6-m\libc_nano.a(lib_a-memchr-stub.o)
                0x08002d60                memchr
 .text.memmove  0x08002d76       0x24 c:/program files (x86)/atollic/truestudio for stm32 9.3.0/armtools/bin/../lib/gcc/arm-atollic-eabi/6.3.1/../../../../arm-atollic-eabi/lib/armv6-m\libc_nano.a(lib_a-memmove.o)
                0x08002d76                memmove
 *fill*         0x08002d9a        0x2 
 .text._free_r  0x08002d9c       0x94 c:/program files (x86)/atollic/truestudio for stm32 9.3.0/armtools/bin/../lib/gcc/arm-atollic-eabi/6.3.1/../../../../arm-atollic-eabi/lib/armv6-m\libc_nano.a(lib_a-nano-freer.o)
                0x08002d9c                _free_r
 .text._malloc_r
                0x08002e30       0xbc c:/program files (x86)/atollic/truestudio for stm32 9.3.0/armtools/bin/../lib/gcc/arm-atollic-eabi/6.3.1/../../../../arm-atollic-eabi/lib/armv6-m\libc_nano.a(lib_a-nano-mallocr.o)
                0x08002e30                _malloc_r
 .text._realloc_r
                0x08002eec       0x4c c:/program files (x86)/atollic/truestudio for stm32 9.3.0/armtools/bin/../lib/gcc/arm-atollic-eabi/6.3.1/../../../../arm-atollic-eabi/lib/armv6-m\libc_nano.a(lib_a-nano-reallocr.o)
                0x08002eec                _realloc_r
 .text._sbrk_r  0x08002f38       0x24 c:/program files (x86)/atollic/truestudio for stm32 9.3.0/armtools/bin/../lib/gcc/arm-atollic-eabi/6.3.1/../../../../arm-atollic-eabi/lib/armv6-m\libc_nano.a(lib_a-sbrkr.o)
                0x08002f38                _sbrk_r
 .text.__malloc_lock
                0x08002f5c        0x2 c:/program files (x86)/atollic/truestudio for stm32 9.3.0/armtools/bin/../lib/gcc/arm-atollic-eabi/6.3.1/../../../../arm-atollic-eabi/lib/armv6-m\libc_nano.a(lib_a-mlock.o)
                0x08002f5c                __malloc_lock
 .text.__malloc_unlock
                0x08002f5e        0x2 c:/program files (x86)/atollic/truestudio for stm32 9.3.0/armtools/bin/../lib/gcc/arm-atollic-eabi/6.3.1/../../../../arm-atollic-eabi/lib/armv6-m\libc_nano.a(lib_a-mlock.o)
                0x08002f5e                __malloc_unlock
 .text._malloc_usable_size_r
                0x08002f60       0x10 c:/program files (x86)/atollic/truestudio for stm32 9.3.0/armtools/bin/../lib/gcc/arm-atollic-eabi/6.3.1/../../../../arm-atollic-eabi/lib/armv6-m\libc_nano.a(lib_a-nano-msizer.o)
                0x08002f60                _malloc_usable_size_r
 *(.glue_7)
 .glue_7        0x08002f70        0x0 linker stubs
 *(.glue_7t)
 .glue_7t       0x08002f70        0x0 linker stubs
 *(.eh_frame)
 .eh_frame      0x08002f70        0x0 c:/program files (x86)/atollic/truestudio for stm32 9.3.0/armtools/bin/../lib/gcc/arm-atollic-eabi/6.3.1/armv6-m/crtbegin.o
 *(.init)
 .init          0x08002f70        0x4 c:/program files (x86)/atollic/truestudio for stm32 9.3.0/armtools/bin/../lib/gcc/arm-atollic-eabi/6.3.1/armv6-m/crti.o
                0x08002f70                _init
 .init          0x08002f74        0x8 c:/program files (x86)/atollic/truestudio for stm32 9.3.0/armtools/bin/../lib/gcc/arm-atollic-eabi/6.3.1/armv6-m/crtn.o
 *(.fini)
 .fini          0x08002f7c        0x4 c:/program files (x86)/atollic/truestudio for stm32 9.3.0/armtools/bin/../lib/gcc/arm-atollic-eabi/6.3.1/armv6-m/crti.o
                0x08002f7c                _fini
 .fini          0x08002f80        0x8 c:/program files (x86)/atollic/truestudio for stm32 9.3.0/armtools/bin/../lib/gcc/arm-atollic-eabi/6.3.1/armv6-m/crtn.o
                0x08002f88                . = ALIGN (0x4)
                0x08002f88                _etext = .

.vfp11_veneer   0x08002f88        0x0
 .vfp11_veneer  0x08002f88        0x0 linker stubs

.v4_bx          0x08002f88        0x0
 .v4_bx         0x08002f88        0x0 linker stubs

.iplt           0x08002f88        0x0
 .iplt          0x08002f88        0x0 c:/program files (x86)/atollic/truestudio for stm32 9.3.0/armtools/bin/../lib/gcc/arm-atollic-eabi/6.3.1/armv6-m/crtbegin.o

.rodata         0x08002f88       0x84
                0x08002f88                . = ALIGN (0x4)
 *(.rodata)
 .rodata        0x08002f88       0x20 Drivers\STM32F0xx_HAL_Driver\Src\stm32f0xx_hal_rcc.o
 *(.rodata*)
 .rodata.CSWTCH.58
                0x08002fa8        0x4 Drivers\STM32F0xx_HAL_Driver\Src\stm32f0xx_hal_uart.o
 .rodata.main.str1.1
                0x08002fac       0x12 Src\main.o
 .rodata.AHBPrescTable
                0x08002fbe       0x10 Src\system_stm32f0xx.o
                0x08002fbe                AHBPrescTable
 .rodata.APBPrescTable
                0x08002fce        0x8 Src\system_stm32f0xx.o
                0x08002fce                APBPrescTable
 .rodata._svfprintf_r.str1.1
                0x08002fd6       0x11 c:/program files (x86)/atollic/truestudio for stm32 9.3.0/armtools/bin/../lib/gcc/arm-atollic-eabi/6.3.1/../../../../arm-atollic-eabi/lib/armv6-m\libc_nano.a(lib_a-nano-svfprintf.o)
 .rodata._printf_i.str1.1
                0x08002fe7       0x22 c:/program files (x86)/atollic/truestudio for stm32 9.3.0/armtools/bin/../lib/gcc/arm-atollic-eabi/6.3.1/../../../../arm-atollic-eabi/lib/armv6-m\libc_nano.a(lib_a-nano-vfprintf_i.o)
                0x0800300c                . = ALIGN (0x4)
 *fill*         0x08003009        0x3 

.rel.dyn        0x0800300c        0x0
 .rel.iplt      0x0800300c        0x0 c:/program files (x86)/atollic/truestudio for stm32 9.3.0/armtools/bin/../lib/gcc/arm-atollic-eabi/6.3.1/armv6-m/crtbegin.o

.ARM.extab
 *(.ARM.extab* .gnu.linkonce.armextab.*)

.ARM            0x0800300c        0x0
                0x0800300c                __exidx_start = .
 *(.ARM.exidx*)
                0x0800300c                __exidx_end = .

.preinit_array  0x0800300c        0x0
                0x0800300c                PROVIDE (__preinit_array_start, .)
 *(.preinit_array*)
                0x0800300c                PROVIDE (__preinit_array_end, .)

.init_array     0x0800300c        0x4
                0x0800300c                PROVIDE (__init_array_start, .)
 *(SORT(.init_array.*))
 *(.init_array*)
 .init_array    0x0800300c        0x4 c:/program files (x86)/atollic/truestudio for stm32 9.3.0/armtools/bin/../lib/gcc/arm-atollic-eabi/6.3.1/armv6-m/crtbegin.o
                0x08003010                PROVIDE (__init_array_end, .)

.fini_array     0x08003010        0x4
                [!provide]                PROVIDE (__fini_array_start, .)
 *(SORT(.fini_array.*))
 *(.fini_array*)
 .fini_array    0x08003010        0x4 c:/program files (x86)/atollic/truestudio for stm32 9.3.0/armtools/bin/../lib/gcc/arm-atollic-eabi/6.3.1/armv6-m/crtbegin.o
                [!provide]                PROVIDE (__fini_array_end, .)
                0x08003014                _sidata = LOADADDR (.data)

.data           0x20000000       0x70 load address 0x08003014
                0x20000000                . = ALIGN (0x4)
                0x20000000                _sdata = .
 *(.data)
 *(.data*)
 .data.uwTickFreq
                0x20000000        0x1 Drivers\STM32F0xx_HAL_Driver\Src\stm32f0xx_hal.o
                0x20000000                uwTickFreq
 *fill*         0x20000001        0x3 
 .data.uwTickPrio
                0x20000004        0x4 Drivers\STM32F0xx_HAL_Driver\Src\stm32f0xx_hal.o
                0x20000004                uwTickPrio
 .data.SystemCoreClock
                0x20000008        0x4 Src\system_stm32f0xx.o
                0x20000008                SystemCoreClock
 .data._impure_ptr
                0x2000000c        0x4 c:/program files (x86)/atollic/truestudio for stm32 9.3.0/armtools/bin/../lib/gcc/arm-atollic-eabi/6.3.1/../../../../arm-atollic-eabi/lib/armv6-m\libc_nano.a(lib_a-impure.o)
                0x2000000c                _impure_ptr
 .data.impure_data
                0x20000010       0x60 c:/program files (x86)/atollic/truestudio for stm32 9.3.0/armtools/bin/../lib/gcc/arm-atollic-eabi/6.3.1/../../../../arm-atollic-eabi/lib/armv6-m\libc_nano.a(lib_a-impure.o)
                0x20000070                . = ALIGN (0x4)
                0x20000070                _edata = .

.igot.plt       0x20000070        0x0 load address 0x08003084
 .igot.plt      0x20000070        0x0 c:/program files (x86)/atollic/truestudio for stm32 9.3.0/armtools/bin/../lib/gcc/arm-atollic-eabi/6.3.1/armv6-m/crtbegin.o
                0x20000070                . = ALIGN (0x4)

.bss            0x20000070      0xb54 load address 0x08003084
                0x20000070                _sbss = .
                0x20000070                __bss_start__ = _sbss
 *(.bss)
 .bss           0x20000070       0x1c c:/program files (x86)/atollic/truestudio for stm32 9.3.0/armtools/bin/../lib/gcc/arm-atollic-eabi/6.3.1/armv6-m/crtbegin.o
 *(.bss*)
 .bss.DataStruct
                0x2000008c        0x3 Src\main.o
 *fill*         0x2000008f        0x1 
 .bss.lum_d     0x20000090        0x4 Src\main.o
                0x20000090                lum_d
 .bss.lum_g     0x20000094        0x4 Src\main.o
                0x20000094                lum_g
 .bss.heap_end.5887
                0x20000098        0x4 Src\syscalls.o
 .bss.__malloc_free_list
                0x2000009c        0x4 c:/program files (x86)/atollic/truestudio for stm32 9.3.0/armtools/bin/../lib/gcc/arm-atollic-eabi/6.3.1/../../../../arm-atollic-eabi/lib/armv6-m\libc_nano.a(lib_a-nano-mallocr.o)
                0x2000009c                __malloc_free_list
 .bss.__malloc_sbrk_start
                0x200000a0        0x4 c:/program files (x86)/atollic/truestudio for stm32 9.3.0/armtools/bin/../lib/gcc/arm-atollic-eabi/6.3.1/../../../../arm-atollic-eabi/lib/armv6-m\libc_nano.a(lib_a-nano-mallocr.o)
                0x200000a0                __malloc_sbrk_start
 *(COMMON)
 COMMON         0x200000a4        0x4 Drivers\STM32F0xx_HAL_Driver\Src\stm32f0xx_hal.o
                0x200000a4                uwTick
 COMMON         0x200000a8       0x98 Src\i2c.o
                0x200000a8                hi2c1
                0x200000f4                hi2c2
 COMMON         0x20000140      0xa00 Src\main.o
                0x20000140                Data_IR_d
                0x20000240                Data_IR_g
                0x20000340                Data_PROM_g
                0x20000440                Data_lm_h
                0x20000540                Data_UV_d
                0x20000640                Data_UV_g
                0x20000740                Data_lm_g
                0x20000840                Data_lm_d
                0x20000940                Data_PROM_d
                0x20000a40                Data_lm_b
 COMMON         0x20000b40       0x80 Src\usart.o
                0x20000b40                huart2
 COMMON         0x20000bc0        0x4 c:/program files (x86)/atollic/truestudio for stm32 9.3.0/armtools/bin/../lib/gcc/arm-atollic-eabi/6.3.1/../../../../arm-atollic-eabi/lib/armv6-m\libc_nano.a(lib_a-reent.o)
                0x20000bc0                errno
                0x20000bc4                . = ALIGN (0x4)
                0x20000bc4                _ebss = .
                0x20000bc4                __bss_end__ = _ebss

._user_heap_stack
                0x20000bc4      0x600 load address 0x08003084
                0x20000bc4                . = ALIGN (0x4)
                0x20000bc4                PROVIDE (end, .)
                [!provide]                PROVIDE (_end, .)
                0x20000dc4                . = (. + _Min_Heap_Size)
 *fill*         0x20000bc4      0x200 
                0x200011c4                . = (. + _Min_Stack_Size)
 *fill*         0x20000dc4      0x400 
                0x200011c4                . = ALIGN (0x4)

/DISCARD/
 libc.a(*)
 libm.a(*)
 libgcc.a(*)

.ARM.attributes
                0x00000000       0x28
 *(.ARM.attributes)
 .ARM.attributes
                0x00000000       0x1e c:/program files (x86)/atollic/truestudio for stm32 9.3.0/armtools/bin/../lib/gcc/arm-atollic-eabi/6.3.1/armv6-m/crti.o
 .ARM.attributes
                0x0000001e       0x2c c:/program files (x86)/atollic/truestudio for stm32 9.3.0/armtools/bin/../lib/gcc/arm-atollic-eabi/6.3.1/armv6-m/crtbegin.o
 .ARM.attributes
                0x0000004a       0x31 Drivers\STM32F0xx_HAL_Driver\Src\stm32f0xx_hal.o
 .ARM.attributes
                0x0000007b       0x31 Drivers\STM32F0xx_HAL_Driver\Src\stm32f0xx_hal_cortex.o
 .ARM.attributes
                0x000000ac       0x31 Drivers\STM32F0xx_HAL_Driver\Src\stm32f0xx_hal_gpio.o
 .ARM.attributes
                0x000000dd       0x31 Drivers\STM32F0xx_HAL_Driver\Src\stm32f0xx_hal_i2c.o
 .ARM.attributes
                0x0000010e       0x31 Drivers\STM32F0xx_HAL_Driver\Src\stm32f0xx_hal_i2c_ex.o
 .ARM.attributes
                0x0000013f       0x31 Drivers\STM32F0xx_HAL_Driver\Src\stm32f0xx_hal_rcc.o
 .ARM.attributes
                0x00000170       0x31 Drivers\STM32F0xx_HAL_Driver\Src\stm32f0xx_hal_rcc_ex.o
 .ARM.attributes
                0x000001a1       0x31 Drivers\STM32F0xx_HAL_Driver\Src\stm32f0xx_hal_uart.o
 .ARM.attributes
                0x000001d2       0x31 Src\gpio.o
 .ARM.attributes
                0x00000203       0x31 Src\i2c.o
 .ARM.attributes
                0x00000234       0x31 Src\lcd.o
 .ARM.attributes
                0x00000265       0x31 Src\light.o
 .ARM.attributes
                0x00000296       0x31 Src\main.o
 .ARM.attributes
                0x000002c7       0x31 Src\motor.o
 .ARM.attributes
                0x000002f8       0x31 Src\stm32f0xx_hal_msp.o
 .ARM.attributes
                0x00000329       0x31 Src\stm32f0xx_it.o
 .ARM.attributes
                0x0000035a       0x31 Src\syscalls.o
 .ARM.attributes
                0x0000038b       0x31 Src\system_stm32f0xx.o
 .ARM.attributes
                0x000003bc       0x31 Src\usart.o
 .ARM.attributes
                0x000003ed       0x21 startup\startup_stm32f091xc.o
 .ARM.attributes
                0x0000040e       0x2c c:/program files (x86)/atollic/truestudio for stm32 9.3.0/armtools/bin/../lib/gcc/arm-atollic-eabi/6.3.1/../../../../arm-atollic-eabi/lib/armv6-m\libc_nano.a(lib_a-errno.o)
 .ARM.attributes
                0x0000043a       0x2c c:/program files (x86)/atollic/truestudio for stm32 9.3.0/armtools/bin/../lib/gcc/arm-atollic-eabi/6.3.1/../../../../arm-atollic-eabi/lib/armv6-m\libc_nano.a(lib_a-impure.o)
 .ARM.attributes
                0x00000466       0x2c c:/program files (x86)/atollic/truestudio for stm32 9.3.0/armtools/bin/../lib/gcc/arm-atollic-eabi/6.3.1/../../../../arm-atollic-eabi/lib/armv6-m\libc_nano.a(lib_a-init.o)
 .ARM.attributes
                0x00000492       0x2c c:/program files (x86)/atollic/truestudio for stm32 9.3.0/armtools/bin/../lib/gcc/arm-atollic-eabi/6.3.1/../../../../arm-atollic-eabi/lib/armv6-m\libc_nano.a(lib_a-memcpy-stub.o)
 .ARM.attributes
                0x000004be       0x2c c:/program files (x86)/atollic/truestudio for stm32 9.3.0/armtools/bin/../lib/gcc/arm-atollic-eabi/6.3.1/../../../../arm-atollic-eabi/lib/armv6-m\libc_nano.a(lib_a-memset.o)
 .ARM.attributes
                0x000004ea       0x2c c:/program files (x86)/atollic/truestudio for stm32 9.3.0/armtools/bin/../lib/gcc/arm-atollic-eabi/6.3.1/../../../../arm-atollic-eabi/lib/armv6-m\libc_nano.a(lib_a-sprintf.o)
 .ARM.attributes
                0x00000516       0x2c c:/program files (x86)/atollic/truestudio for stm32 9.3.0/armtools/bin/../lib/gcc/arm-atollic-eabi/6.3.1/../../../../arm-atollic-eabi/lib/armv6-m\libc_nano.a(lib_a-nano-svfprintf.o)
 .ARM.attributes
                0x00000542       0x2c c:/program files (x86)/atollic/truestudio for stm32 9.3.0/armtools/bin/../lib/gcc/arm-atollic-eabi/6.3.1/../../../../arm-atollic-eabi/lib/armv6-m\libc_nano.a(lib_a-nano-vfprintf_i.o)
 .ARM.attributes
                0x0000056e       0x2c c:/program files (x86)/atollic/truestudio for stm32 9.3.0/armtools/bin/../lib/gcc/arm-atollic-eabi/6.3.1/../../../../arm-atollic-eabi/lib/armv6-m\libc_nano.a(lib_a-memchr-stub.o)
 .ARM.attributes
                0x0000059a       0x2c c:/program files (x86)/atollic/truestudio for stm32 9.3.0/armtools/bin/../lib/gcc/arm-atollic-eabi/6.3.1/../../../../arm-atollic-eabi/lib/armv6-m\libc_nano.a(lib_a-memmove.o)
 .ARM.attributes
                0x000005c6       0x2c c:/program files (x86)/atollic/truestudio for stm32 9.3.0/armtools/bin/../lib/gcc/arm-atollic-eabi/6.3.1/../../../../arm-atollic-eabi/lib/armv6-m\libc_nano.a(lib_a-nano-freer.o)
 .ARM.attributes
                0x000005f2       0x2c c:/program files (x86)/atollic/truestudio for stm32 9.3.0/armtools/bin/../lib/gcc/arm-atollic-eabi/6.3.1/../../../../arm-atollic-eabi/lib/armv6-m\libc_nano.a(lib_a-nano-mallocr.o)
 .ARM.attributes
                0x0000061e       0x2c c:/program files (x86)/atollic/truestudio for stm32 9.3.0/armtools/bin/../lib/gcc/arm-atollic-eabi/6.3.1/../../../../arm-atollic-eabi/lib/armv6-m\libc_nano.a(lib_a-nano-reallocr.o)
 .ARM.attributes
                0x0000064a       0x2c c:/program files (x86)/atollic/truestudio for stm32 9.3.0/armtools/bin/../lib/gcc/arm-atollic-eabi/6.3.1/../../../../arm-atollic-eabi/lib/armv6-m\libc_nano.a(lib_a-sbrkr.o)
 .ARM.attributes
                0x00000676       0x2c c:/program files (x86)/atollic/truestudio for stm32 9.3.0/armtools/bin/../lib/gcc/arm-atollic-eabi/6.3.1/../../../../arm-atollic-eabi/lib/armv6-m\libc_nano.a(lib_a-mlock.o)
 .ARM.attributes
                0x000006a2       0x2c c:/program files (x86)/atollic/truestudio for stm32 9.3.0/armtools/bin/../lib/gcc/arm-atollic-eabi/6.3.1/../../../../arm-atollic-eabi/lib/armv6-m\libc_nano.a(lib_a-nano-msizer.o)
 .ARM.attributes
                0x000006ce       0x2c c:/program files (x86)/atollic/truestudio for stm32 9.3.0/armtools/bin/../lib/gcc/arm-atollic-eabi/6.3.1/../../../../arm-atollic-eabi/lib/armv6-m\libc_nano.a(lib_a-reent.o)
 .ARM.attributes
                0x000006fa       0x1e c:/program files (x86)/atollic/truestudio for stm32 9.3.0/armtools/bin/../lib/gcc/arm-atollic-eabi/6.3.1/armv6-m\libgcc.a(_thumb1_case_uqi.o)
 .ARM.attributes
                0x00000718       0x1e c:/program files (x86)/atollic/truestudio for stm32 9.3.0/armtools/bin/../lib/gcc/arm-atollic-eabi/6.3.1/armv6-m\libgcc.a(_thumb1_case_shi.o)
 .ARM.attributes
                0x00000736       0x1e c:/program files (x86)/atollic/truestudio for stm32 9.3.0/armtools/bin/../lib/gcc/arm-atollic-eabi/6.3.1/armv6-m\libgcc.a(_udivsi3.o)
 .ARM.attributes
                0x00000754       0x1e c:/program files (x86)/atollic/truestudio for stm32 9.3.0/armtools/bin/../lib/gcc/arm-atollic-eabi/6.3.1/armv6-m\libgcc.a(_divsi3.o)
 .ARM.attributes
                0x00000772       0x1e c:/program files (x86)/atollic/truestudio for stm32 9.3.0/armtools/bin/../lib/gcc/arm-atollic-eabi/6.3.1/armv6-m\libgcc.a(_dvmd_tls.o)
 .ARM.attributes
                0x00000790       0x1e c:/program files (x86)/atollic/truestudio for stm32 9.3.0/armtools/bin/../lib/gcc/arm-atollic-eabi/6.3.1/armv6-m/crtn.o
OUTPUT(projet_v2.elf elf32-littlearm)

.debug_info     0x00000000    0x10ada
 .debug_info    0x00000000      0x769 Drivers\STM32F0xx_HAL_Driver\Src\stm32f0xx_hal.o
 .debug_info    0x00000769      0x86f Drivers\STM32F0xx_HAL_Driver\Src\stm32f0xx_hal_cortex.o
 .debug_info    0x00000fd8      0x6c1 Drivers\STM32F0xx_HAL_Driver\Src\stm32f0xx_hal_gpio.o
 .debug_info    0x00001699     0x38b0 Drivers\STM32F0xx_HAL_Driver\Src\stm32f0xx_hal_i2c.o
 .debug_info    0x00004f49      0x92f Drivers\STM32F0xx_HAL_Driver\Src\stm32f0xx_hal_i2c_ex.o
 .debug_info    0x00005878      0xa5b Drivers\STM32F0xx_HAL_Driver\Src\stm32f0xx_hal_rcc.o
 .debug_info    0x000062d3      0x6dc Drivers\STM32F0xx_HAL_Driver\Src\stm32f0xx_hal_rcc_ex.o
 .debug_info    0x000069af     0x1bac Drivers\STM32F0xx_HAL_Driver\Src\stm32f0xx_hal_uart.o
 .debug_info    0x0000855b      0x53f Src\gpio.o
 .debug_info    0x00008a9a      0xadc Src\i2c.o
 .debug_info    0x00009576     0x13f0 Src\lcd.o
 .debug_info    0x0000a966     0x1398 Src\light.o
 .debug_info    0x0000bcfe     0x18bb Src\main.o
 .debug_info    0x0000d5b9     0x144d Src\motor.o
 .debug_info    0x0000ea06      0x258 Src\stm32f0xx_hal_msp.o
 .debug_info    0x0000ec5e      0x1b0 Src\stm32f0xx_it.o
 .debug_info    0x0000ee0e      0xfe1 Src\syscalls.o
 .debug_info    0x0000fdef      0x2a4 Src\system_stm32f0xx.o
 .debug_info    0x00010093      0x9cf Src\usart.o
 .debug_info    0x00010a62       0x78 startup\startup_stm32f091xc.o

.debug_abbrev   0x00000000     0x2654
 .debug_abbrev  0x00000000      0x239 Drivers\STM32F0xx_HAL_Driver\Src\stm32f0xx_hal.o
 .debug_abbrev  0x00000239      0x269 Drivers\STM32F0xx_HAL_Driver\Src\stm32f0xx_hal_cortex.o
 .debug_abbrev  0x000004a2      0x1e4 Drivers\STM32F0xx_HAL_Driver\Src\stm32f0xx_hal_gpio.o
 .debug_abbrev  0x00000686      0x325 Drivers\STM32F0xx_HAL_Driver\Src\stm32f0xx_hal_i2c.o
 .debug_abbrev  0x000009ab      0x1ce Drivers\STM32F0xx_HAL_Driver\Src\stm32f0xx_hal_i2c_ex.o
 .debug_abbrev  0x00000b79      0x286 Drivers\STM32F0xx_HAL_Driver\Src\stm32f0xx_hal_rcc.o
 .debug_abbrev  0x00000dff      0x1fd Drivers\STM32F0xx_HAL_Driver\Src\stm32f0xx_hal_rcc_ex.o
 .debug_abbrev  0x00000ffc      0x312 Drivers\STM32F0xx_HAL_Driver\Src\stm32f0xx_hal_uart.o
 .debug_abbrev  0x0000130e      0x179 Src\gpio.o
 .debug_abbrev  0x00001487      0x1e5 Src\i2c.o
 .debug_abbrev  0x0000166c      0x21f Src\lcd.o
 .debug_abbrev  0x0000188b      0x1de Src\light.o
 .debug_abbrev  0x00001a69      0x274 Src\main.o
 .debug_abbrev  0x00001cdd      0x188 Src\motor.o
 .debug_abbrev  0x00001e65      0x100 Src\stm32f0xx_hal_msp.o
 .debug_abbrev  0x00001f65      0x10f Src\stm32f0xx_it.o
 .debug_abbrev  0x00002074      0x2d9 Src\syscalls.o
 .debug_abbrev  0x0000234d      0x126 Src\system_stm32f0xx.o
 .debug_abbrev  0x00002473      0x1cf Src\usart.o
 .debug_abbrev  0x00002642       0x12 startup\startup_stm32f091xc.o

.debug_loc      0x00000000     0x7415
 .debug_loc     0x00000000       0xef Drivers\STM32F0xx_HAL_Driver\Src\stm32f0xx_hal.o
 .debug_loc     0x000000ef      0x3b6 Drivers\STM32F0xx_HAL_Driver\Src\stm32f0xx_hal_cortex.o
 .debug_loc     0x000004a5      0x309 Drivers\STM32F0xx_HAL_Driver\Src\stm32f0xx_hal_gpio.o
 .debug_loc     0x000007ae     0x3a65 Drivers\STM32F0xx_HAL_Driver\Src\stm32f0xx_hal_i2c.o
 .debug_loc     0x00004213      0x1bc Drivers\STM32F0xx_HAL_Driver\Src\stm32f0xx_hal_i2c_ex.o
 .debug_loc     0x000043cf      0x4c6 Drivers\STM32F0xx_HAL_Driver\Src\stm32f0xx_hal_rcc.o
 .debug_loc     0x00004895      0x4c3 Drivers\STM32F0xx_HAL_Driver\Src\stm32f0xx_hal_rcc_ex.o
 .debug_loc     0x00004d58     0x1450 Drivers\STM32F0xx_HAL_Driver\Src\stm32f0xx_hal_uart.o
 .debug_loc     0x000061a8       0x71 Src\i2c.o
 .debug_loc     0x00006219      0x1ef Src\lcd.o
 .debug_loc     0x00006408      0x377 Src\light.o
 .debug_loc     0x0000677f      0x704 Src\motor.o
 .debug_loc     0x00006e83      0x45e Src\syscalls.o
 .debug_loc     0x000072e1       0xe7 Src\system_stm32f0xx.o
 .debug_loc     0x000073c8       0x4d Src\usart.o

.debug_aranges  0x00000000      0x9d8
 .debug_aranges
                0x00000000       0xc8 Drivers\STM32F0xx_HAL_Driver\Src\stm32f0xx_hal.o
 .debug_aranges
                0x000000c8       0x78 Drivers\STM32F0xx_HAL_Driver\Src\stm32f0xx_hal_cortex.o
 .debug_aranges
                0x00000140       0x58 Drivers\STM32F0xx_HAL_Driver\Src\stm32f0xx_hal_gpio.o
 .debug_aranges
                0x00000198      0x238 Drivers\STM32F0xx_HAL_Driver\Src\stm32f0xx_hal_i2c.o
 .debug_aranges
                0x000003d0       0x48 Drivers\STM32F0xx_HAL_Driver\Src\stm32f0xx_hal_i2c_ex.o
 .debug_aranges
                0x00000418       0x80 Drivers\STM32F0xx_HAL_Driver\Src\stm32f0xx_hal_rcc.o
 .debug_aranges
                0x00000498       0x68 Drivers\STM32F0xx_HAL_Driver\Src\stm32f0xx_hal_rcc_ex.o
 .debug_aranges
                0x00000500      0x1b8 Drivers\STM32F0xx_HAL_Driver\Src\stm32f0xx_hal_uart.o
 .debug_aranges
                0x000006b8       0x20 Src\gpio.o
 .debug_aranges
                0x000006d8       0x38 Src\i2c.o
 .debug_aranges
                0x00000710       0x40 Src\lcd.o
 .debug_aranges
                0x00000750       0x90 Src\light.o
 .debug_aranges
                0x000007e0       0x30 Src\main.o
 .debug_aranges
                0x00000810       0x48 Src\motor.o
 .debug_aranges
                0x00000858       0x20 Src\stm32f0xx_hal_msp.o
 .debug_aranges
                0x00000878       0x30 Src\stm32f0xx_it.o
 .debug_aranges
                0x000008a8       0xb0 Src\syscalls.o
 .debug_aranges
                0x00000958       0x28 Src\system_stm32f0xx.o
 .debug_aranges
                0x00000980       0x30 Src\usart.o
 .debug_aranges
                0x000009b0       0x28 startup\startup_stm32f091xc.o

.debug_ranges   0x00000000      0xb70
 .debug_ranges  0x00000000       0xb8 Drivers\STM32F0xx_HAL_Driver\Src\stm32f0xx_hal.o
 .debug_ranges  0x000000b8       0xb8 Drivers\STM32F0xx_HAL_Driver\Src\stm32f0xx_hal_cortex.o
 .debug_ranges  0x00000170       0x68 Drivers\STM32F0xx_HAL_Driver\Src\stm32f0xx_hal_gpio.o
 .debug_ranges  0x000001d8      0x288 Drivers\STM32F0xx_HAL_Driver\Src\stm32f0xx_hal_i2c.o
 .debug_ranges  0x00000460       0x78 Drivers\STM32F0xx_HAL_Driver\Src\stm32f0xx_hal_i2c_ex.o
 .debug_ranges  0x000004d8       0xa0 Drivers\STM32F0xx_HAL_Driver\Src\stm32f0xx_hal_rcc.o
 .debug_ranges  0x00000578       0x78 Drivers\STM32F0xx_HAL_Driver\Src\stm32f0xx_hal_rcc_ex.o
 .debug_ranges  0x000005f0      0x1a8 Drivers\STM32F0xx_HAL_Driver\Src\stm32f0xx_hal_uart.o
 .debug_ranges  0x00000798       0xc0 Src\gpio.o
 .debug_ranges  0x00000858       0x68 Src\i2c.o
 .debug_ranges  0x000008c0       0x30 Src\lcd.o
 .debug_ranges  0x000008f0       0x80 Src\light.o
 .debug_ranges  0x00000970       0x20 Src\main.o
 .debug_ranges  0x00000990       0x38 Src\motor.o
 .debug_ranges  0x000009c8       0x58 Src\stm32f0xx_hal_msp.o
 .debug_ranges  0x00000a20       0x20 Src\stm32f0xx_it.o
 .debug_ranges  0x00000a40       0xa0 Src\syscalls.o
 .debug_ranges  0x00000ae0       0x18 Src\system_stm32f0xx.o
 .debug_ranges  0x00000af8       0x58 Src\usart.o
 .debug_ranges  0x00000b50       0x20 startup\startup_stm32f091xc.o

.debug_line     0x00000000     0x6130
 .debug_line    0x00000000      0x3ee Drivers\STM32F0xx_HAL_Driver\Src\stm32f0xx_hal.o
 .debug_line    0x000003ee      0x389 Drivers\STM32F0xx_HAL_Driver\Src\stm32f0xx_hal_cortex.o
 .debug_line    0x00000777      0x394 Drivers\STM32F0xx_HAL_Driver\Src\stm32f0xx_hal_gpio.o
 .debug_line    0x00000b0b     0x19f7 Drivers\STM32F0xx_HAL_Driver\Src\stm32f0xx_hal_i2c.o
 .debug_line    0x00002502      0x37e Drivers\STM32F0xx_HAL_Driver\Src\stm32f0xx_hal_i2c_ex.o
 .debug_line    0x00002880      0x5d8 Drivers\STM32F0xx_HAL_Driver\Src\stm32f0xx_hal_rcc.o
 .debug_line    0x00002e58      0x491 Drivers\STM32F0xx_HAL_Driver\Src\stm32f0xx_hal_rcc_ex.o
 .debug_line    0x000032e9      0xede Drivers\STM32F0xx_HAL_Driver\Src\stm32f0xx_hal_uart.o
 .debug_line    0x000041c7      0x218 Src\gpio.o
 .debug_line    0x000043df      0x2e1 Src\i2c.o
 .debug_line    0x000046c0      0x331 Src\lcd.o
 .debug_line    0x000049f1      0x38f Src\light.o
 .debug_line    0x00004d80      0x3f9 Src\main.o
 .debug_line    0x00005179      0x372 Src\motor.o
 .debug_line    0x000054eb      0x1c4 Src\stm32f0xx_hal_msp.o
 .debug_line    0x000056af      0x1c8 Src\stm32f0xx_it.o
 .debug_line    0x00005877      0x3c6 Src\syscalls.o
 .debug_line    0x00005c3d      0x1ef Src\system_stm32f0xx.o
 .debug_line    0x00005e2c      0x282 Src\usart.o
 .debug_line    0x000060ae       0x82 startup\startup_stm32f091xc.o

.debug_str      0x00000000     0x3282
 .debug_str     0x00000000      0x6c6 Drivers\STM32F0xx_HAL_Driver\Src\stm32f0xx_hal.o
                                0x727 (size before relaxing)
 .debug_str     0x000006c6      0x295 Drivers\STM32F0xx_HAL_Driver\Src\stm32f0xx_hal_cortex.o
                                0x711 (size before relaxing)
 .debug_str     0x0000095b      0x1d2 Drivers\STM32F0xx_HAL_Driver\Src\stm32f0xx_hal_gpio.o
                                0x4d9 (size before relaxing)
 .debug_str     0x00000b2d      0xcb2 Drivers\STM32F0xx_HAL_Driver\Src\stm32f0xx_hal_i2c.o
                                0xffd (size before relaxing)
 .debug_str     0x000017df       0xf3 Drivers\STM32F0xx_HAL_Driver\Src\stm32f0xx_hal_i2c_ex.o
                                0x8b8 (size before relaxing)
 .debug_str     0x000018d2      0x31d Drivers\STM32F0xx_HAL_Driver\Src\stm32f0xx_hal_rcc.o
                                0x6e0 (size before relaxing)
 .debug_str     0x00001bef      0x33f Drivers\STM32F0xx_HAL_Driver\Src\stm32f0xx_hal_rcc_ex.o
                                0x6b5 (size before relaxing)
 .debug_str     0x00001f2e      0x8ff Drivers\STM32F0xx_HAL_Driver\Src\stm32f0xx_hal_uart.o
                                0xeb5 (size before relaxing)
 .debug_str     0x0000282d       0x32 Src\gpio.o
                                0x37c (size before relaxing)
 .debug_str     0x0000285f       0x4b Src\i2c.o
                                0x8ad (size before relaxing)
 .debug_str     0x000028aa      0x45d Src\lcd.o
                                0xc25 (size before relaxing)
 .debug_str     0x00002d07       0xbd Src\light.o
                                0xa7b (size before relaxing)
 .debug_str     0x00002dc4      0x12f Src\main.o
                               0x1173 (size before relaxing)
 .debug_str     0x00002ef3       0x4b Src\motor.o
                                0x31e (size before relaxing)
 .debug_str     0x00002f3e       0x1b Src\stm32f0xx_hal_msp.o
                                0x2c4 (size before relaxing)
 .debug_str     0x00002f59       0x5f Src\stm32f0xx_it.o
                                0x2ae (size before relaxing)
 .debug_str     0x00002fb8      0x256 Src\syscalls.o
                                0x857 (size before relaxing)
 .debug_str     0x0000320e       0x5a Src\system_stm32f0xx.o
                                0x2f0 (size before relaxing)
 .debug_str     0x00003268       0x1a Src\usart.o
                                0x7b0 (size before relaxing)

.comment        0x00000000       0x7c
 .comment       0x00000000       0x7c Drivers\STM32F0xx_HAL_Driver\Src\stm32f0xx_hal.o
                                 0x7d (size before relaxing)
 .comment       0x0000007c       0x7d Drivers\STM32F0xx_HAL_Driver\Src\stm32f0xx_hal_cortex.o
 .comment       0x0000007c       0x7d Drivers\STM32F0xx_HAL_Driver\Src\stm32f0xx_hal_gpio.o
 .comment       0x0000007c       0x7d Drivers\STM32F0xx_HAL_Driver\Src\stm32f0xx_hal_i2c.o
 .comment       0x0000007c       0x7d Drivers\STM32F0xx_HAL_Driver\Src\stm32f0xx_hal_i2c_ex.o
 .comment       0x0000007c       0x7d Drivers\STM32F0xx_HAL_Driver\Src\stm32f0xx_hal_rcc.o
 .comment       0x0000007c       0x7d Drivers\STM32F0xx_HAL_Driver\Src\stm32f0xx_hal_rcc_ex.o
 .comment       0x0000007c       0x7d Drivers\STM32F0xx_HAL_Driver\Src\stm32f0xx_hal_uart.o
 .comment       0x0000007c       0x7d Src\gpio.o
 .comment       0x0000007c       0x7d Src\i2c.o
 .comment       0x0000007c       0x7d Src\lcd.o
 .comment       0x0000007c       0x7d Src\light.o
 .comment       0x0000007c       0x7d Src\main.o
 .comment       0x0000007c       0x7d Src\motor.o
 .comment       0x0000007c       0x7d Src\stm32f0xx_hal_msp.o
 .comment       0x0000007c       0x7d Src\stm32f0xx_it.o
 .comment       0x0000007c       0x7d Src\syscalls.o
 .comment       0x0000007c       0x7d Src\system_stm32f0xx.o
 .comment       0x0000007c       0x7d Src\usart.o

.debug_frame    0x00000000     0x1ec0
 .debug_frame   0x00000000      0x1b4 Drivers\STM32F0xx_HAL_Driver\Src\stm32f0xx_hal.o
 .debug_frame   0x000001b4       0xe4 Drivers\STM32F0xx_HAL_Driver\Src\stm32f0xx_hal_cortex.o
 .debug_frame   0x00000298       0xbc Drivers\STM32F0xx_HAL_Driver\Src\stm32f0xx_hal_gpio.o
 .debug_frame   0x00000354      0x864 Drivers\STM32F0xx_HAL_Driver\Src\stm32f0xx_hal_i2c.o
 .debug_frame   0x00000bb8       0xc0 Drivers\STM32F0xx_HAL_Driver\Src\stm32f0xx_hal_i2c_ex.o
 .debug_frame   0x00000c78      0x144 Drivers\STM32F0xx_HAL_Driver\Src\stm32f0xx_hal_rcc.o
 .debug_frame   0x00000dbc      0x100 Drivers\STM32F0xx_HAL_Driver\Src\stm32f0xx_hal_rcc_ex.o
 .debug_frame   0x00000ebc      0x5bc Drivers\STM32F0xx_HAL_Driver\Src\stm32f0xx_hal_uart.o
 .debug_frame   0x00001478       0x30 Src\gpio.o
 .debug_frame   0x000014a8       0x74 Src\i2c.o
 .debug_frame   0x0000151c       0xb4 Src\lcd.o
 .debug_frame   0x000015d0      0x194 Src\light.o
 .debug_frame   0x00001764       0x60 Src\main.o
 .debug_frame   0x000017c4       0xbc Src\motor.o
 .debug_frame   0x00001880       0x24 Src\stm32f0xx_hal_msp.o
 .debug_frame   0x000018a4       0x68 Src\stm32f0xx_it.o
 .debug_frame   0x0000190c      0x19c Src\syscalls.o
 .debug_frame   0x00001aa8       0x3c Src\system_stm32f0xx.o
 .debug_frame   0x00001ae4       0x5c Src\usart.o
 .debug_frame   0x00001b40       0x20 c:/program files (x86)/atollic/truestudio for stm32 9.3.0/armtools/bin/../lib/gcc/arm-atollic-eabi/6.3.1/../../../../arm-atollic-eabi/lib/armv6-m\libc_nano.a(lib_a-errno.o)
 .debug_frame   0x00001b60       0x2c c:/program files (x86)/atollic/truestudio for stm32 9.3.0/armtools/bin/../lib/gcc/arm-atollic-eabi/6.3.1/../../../../arm-atollic-eabi/lib/armv6-m\libc_nano.a(lib_a-init.o)
 .debug_frame   0x00001b8c       0x28 c:/program files (x86)/atollic/truestudio for stm32 9.3.0/armtools/bin/../lib/gcc/arm-atollic-eabi/6.3.1/../../../../arm-atollic-eabi/lib/armv6-m\libc_nano.a(lib_a-memcpy-stub.o)
 .debug_frame   0x00001bb4       0x20 c:/program files (x86)/atollic/truestudio for stm32 9.3.0/armtools/bin/../lib/gcc/arm-atollic-eabi/6.3.1/../../../../arm-atollic-eabi/lib/armv6-m\libc_nano.a(lib_a-memset.o)
 .debug_frame   0x00001bd4       0x50 c:/program files (x86)/atollic/truestudio for stm32 9.3.0/armtools/bin/../lib/gcc/arm-atollic-eabi/6.3.1/../../../../arm-atollic-eabi/lib/armv6-m\libc_nano.a(lib_a-sprintf.o)
 .debug_frame   0x00001c24       0x74 c:/program files (x86)/atollic/truestudio for stm32 9.3.0/armtools/bin/../lib/gcc/arm-atollic-eabi/6.3.1/../../../../arm-atollic-eabi/lib/armv6-m\libc_nano.a(lib_a-nano-svfprintf.o)
 .debug_frame   0x00001c98       0x54 c:/program files (x86)/atollic/truestudio for stm32 9.3.0/armtools/bin/../lib/gcc/arm-atollic-eabi/6.3.1/../../../../arm-atollic-eabi/lib/armv6-m\libc_nano.a(lib_a-nano-vfprintf_i.o)
 .debug_frame   0x00001cec       0x20 c:/program files (x86)/atollic/truestudio for stm32 9.3.0/armtools/bin/../lib/gcc/arm-atollic-eabi/6.3.1/../../../../arm-atollic-eabi/lib/armv6-m\libc_nano.a(lib_a-memchr-stub.o)
 .debug_frame   0x00001d0c       0x28 c:/program files (x86)/atollic/truestudio for stm32 9.3.0/armtools/bin/../lib/gcc/arm-atollic-eabi/6.3.1/../../../../arm-atollic-eabi/lib/armv6-m\libc_nano.a(lib_a-memmove.o)
 .debug_frame   0x00001d34       0x2c c:/program files (x86)/atollic/truestudio for stm32 9.3.0/armtools/bin/../lib/gcc/arm-atollic-eabi/6.3.1/../../../../arm-atollic-eabi/lib/armv6-m\libc_nano.a(lib_a-nano-freer.o)
 .debug_frame   0x00001d60       0x2c c:/program files (x86)/atollic/truestudio for stm32 9.3.0/armtools/bin/../lib/gcc/arm-atollic-eabi/6.3.1/../../../../arm-atollic-eabi/lib/armv6-m\libc_nano.a(lib_a-nano-mallocr.o)
 .debug_frame   0x00001d8c       0x30 c:/program files (x86)/atollic/truestudio for stm32 9.3.0/armtools/bin/../lib/gcc/arm-atollic-eabi/6.3.1/../../../../arm-atollic-eabi/lib/armv6-m\libc_nano.a(lib_a-nano-reallocr.o)
 .debug_frame   0x00001dbc       0x2c c:/program files (x86)/atollic/truestudio for stm32 9.3.0/armtools/bin/../lib/gcc/arm-atollic-eabi/6.3.1/../../../../arm-atollic-eabi/lib/armv6-m\libc_nano.a(lib_a-sbrkr.o)
 .debug_frame   0x00001de8       0x30 c:/program files (x86)/atollic/truestudio for stm32 9.3.0/armtools/bin/../lib/gcc/arm-atollic-eabi/6.3.1/../../../../arm-atollic-eabi/lib/armv6-m\libc_nano.a(lib_a-mlock.o)
 .debug_frame   0x00001e18       0x20 c:/program files (x86)/atollic/truestudio for stm32 9.3.0/armtools/bin/../lib/gcc/arm-atollic-eabi/6.3.1/../../../../arm-atollic-eabi/lib/armv6-m\libc_nano.a(lib_a-nano-msizer.o)
 .debug_frame   0x00001e38       0x48 c:/program files (x86)/atollic/truestudio for stm32 9.3.0/armtools/bin/../lib/gcc/arm-atollic-eabi/6.3.1/../../../../arm-atollic-eabi/lib/armv6-m\libc_nano.a(lib_a-reent.o)
 .debug_frame   0x00001e80       0x20 c:/program files (x86)/atollic/truestudio for stm32 9.3.0/armtools/bin/../lib/gcc/arm-atollic-eabi/6.3.1/armv6-m\libgcc.a(_udivsi3.o)
 .debug_frame   0x00001ea0       0x20 c:/program files (x86)/atollic/truestudio for stm32 9.3.0/armtools/bin/../lib/gcc/arm-atollic-eabi/6.3.1/armv6-m\libgcc.a(_divsi3.o)
