light.c:16:9:ReadByte	40	static
light.c:31:6:WriteByte	24	static
light.c:94:10:ReadHalfWord	48	static
light.c:113:9:ReadParamData	8	static
light.c:122:9:WriteParamData	16	static
light.c:45:6:DeInit	8	static
light.c:135:6:ADDR_Data	8	static
light.c:145:8:Reset	8	static
light.c:161:7:Begin	8	static
light.c:179:11:ReadVisible	8	static
light.c:187:11:ReadIR	8	static
light.c:214:6:run_sensor_GD	8	static
light.c:219:6:run_sensor_HB	8	static
light.c:224:6:stop_sensor_GD	8	static
light.c:230:6:stop_sensor_HB	8	static
